{"timestamp": "2025-11-15 21:13:16,205", "level": "INFO", "logger": "src.utils.checkpoint_manager", "message": "Checkpoint carregado: {'source': 'gupy', 'ultima_data_publicacao': '2025-11-15T13:36:15.252Z', 'total_vagas': 29, 'metadata': {'modo': 'incremental', 'paginas': 0, 'arquivo': 'data\\bronze\\gupy\\year=2025\\month=11\\day=15\\vagas_20251115.parquet', 'foi_append': False}}"}
{"timestamp": "2025-11-15 21:13:16,207", "level": "INFO", "logger": "__main__", "message": " Incremental: Desde 2025-11-15T13:36:15.252Z"}
{"timestamp": "2025-11-15 21:13:22,527", "level": "INFO", "logger": "__main__", "message": " Limite de vagas antigas consecutivas atingido. Encerrando coleta incremental."}
{"timestamp": "2025-11-15 21:13:22,797", "level": "INFO", "logger": "__main__", "message": "Arquivo salvo: data\bronze\gupy\year=2025\month=11\day=15\vagas_20251115.parquet (0.08 MB)"}
{"timestamp": "2025-11-15 21:13:22,801", "level": "INFO", "logger": "src.utils.checkpoint_manager", "message": "Checkpoint salvo com sucesso para a fonte 'gupy'."}
{"timestamp": "2025-11-15 21:13:22,802", "level": "INFO", "logger": "__main__", "message": "Resultado da coleta: {'status': 'sucesso', 'modo': 'incremental', 'total_vagas': 85, 'caminho_bronze': 'data\\bronze\\gupy\\year=2025\\month=11\\day=15\\vagas_20251115.parquet', 'tamanho_mb': 0.07833671569824219, 'foi_append': True}"}
{"timestamp": "2025-11-18 21:28:34,181", "level": "INFO", "logger": "src.utils.checkpoint_manager", "message": "Checkpoint carregado: {'source': 'gupy', 'ultima_data_publicacao': '2025-11-15T23:15:08.258Z', 'total_vagas': 85, 'metadata': {'modo': 'incremental', 'paginas': 0, 'arquivo': 'data\\bronze\\gupy\\year=2025\\month=11\\day=15\\vagas_20251115.parquet', 'foi_append': True}}"}
{"timestamp": "2025-11-18 21:28:34,182", "level": "INFO", "logger": "__main__", "message": " Incremental: Desde 2025-11-15T23:15:08.258Z"}
{"timestamp": "2025-11-18 21:28:45,062", "level": "INFO", "logger": "__main__", "message": " Novo arquivo : 200 vagas salvas "}
{"timestamp": "2025-11-18 21:28:45,062", "level": "INFO", "logger": "__main__", "message": "Arquivo salvo: data\bronze\gupy\year=2025\month=11\day=18\vagas_20251118.parquet (0.15 MB)"}
{"timestamp": "2025-11-18 21:28:45,066", "level": "INFO", "logger": "src.utils.checkpoint_manager", "message": "Checkpoint salvo com sucesso para a fonte 'gupy'."}
{"timestamp": "2025-11-18 21:28:45,067", "level": "INFO", "logger": "__main__", "message": "Resultado da coleta: {'status': 'sucesso', 'modo': 'incremental', 'total_vagas': 200, 'caminho_bronze': 'data\\bronze\\gupy\\year=2025\\month=11\\day=18\\vagas_20251118.parquet', 'tamanho_mb': 0.15036773681640625, 'foi_append': False}"}
{"timestamp": "2025-11-18 21:29:40,594", "level": "INFO", "logger": "src.utils.checkpoint_manager", "message": "Checkpoint carregado: {'source': 'gupy', 'ultima_data_publicacao': '2025-11-19T00:24:33.737Z', 'total_vagas': 200, 'metadata': {'modo': 'incremental', 'paginas': 2, 'arquivo': 'data\\bronze\\gupy\\year=2025\\month=11\\day=18\\vagas_20251118.parquet', 'foi_append': False}}"}
{"timestamp": "2025-11-18 21:29:40,595", "level": "INFO", "logger": "__main__", "message": " Incremental: Desde 2025-11-19T00:24:33.737Z"}
{"timestamp": "2025-11-18 21:29:46,994", "level": "INFO", "logger": "__main__", "message": " Limite de vagas antigas consecutivas atingido. Encerrando coleta incremental."}
{"timestamp": "2025-11-18 21:29:47,110", "level": "INFO", "logger": "__main__", "message": "Arquivo salvo: data\bronze\gupy\year=2025\month=11\day=18\vagas_20251118.parquet (0.15 MB)"}
{"timestamp": "2025-11-18 21:29:47,113", "level": "INFO", "logger": "src.utils.checkpoint_manager", "message": "Checkpoint salvo com sucesso para a fonte 'gupy'."}
{"timestamp": "2025-11-18 21:29:47,114", "level": "INFO", "logger": "__main__", "message": "Resultado da coleta: {'status': 'sucesso', 'modo': 'incremental', 'total_vagas': 1, 'caminho_bronze': 'data\\bronze\\gupy\\year=2025\\month=11\\day=18\\vagas_20251118.parquet', 'tamanho_mb': 0.15082740783691406, 'foi_append': True}"}
{"timestamp": "2025-11-18 21:30:10,597", "level": "INFO", "logger": "src.utils.checkpoint_manager", "message": "Primeiro run para gupy, nenhum checkpoint encontrado."}
{"timestamp": "2025-11-18 21:30:10,599", "level": "INFO", "logger": "__main__", "message": "Full load inicial"}
{"timestamp": "2025-11-19 09:42:27,351", "level": "INFO", "logger": "src.utils.checkpoint_manager", "message": "Primeiro run para gupy, nenhum checkpoint encontrado."}
{"timestamp": "2025-11-19 09:42:27,353", "level": "INFO", "logger": "__main__", "message": "Full load inicial"}
{"timestamp": "2025-11-19 09:42:48,633", "level": "INFO", "logger": "src.utils.checkpoint_manager", "message": "Primeiro run para gupy, nenhum checkpoint encontrado."}
{"timestamp": "2025-11-19 09:42:48,708", "level": "INFO", "logger": "__main__", "message": "Full load inicial"}
{"timestamp": "2025-11-19 09:43:07,765", "level": "INFO", "logger": "__main__", "message": " Novo arquivo : 500 vagas salvas "}
{"timestamp": "2025-11-19 09:43:07,767", "level": "INFO", "logger": "__main__", "message": "Arquivo salvo: data\bronze\gupy\year=2025\month=11\day=19\vagas_20251119.parquet (0.32 MB)"}
{"timestamp": "2025-11-19 09:43:07,770", "level": "INFO", "logger": "src.utils.checkpoint_manager", "message": "Checkpoint salvo com sucesso para a fonte 'gupy'."}
{"timestamp": "2025-11-19 09:43:07,772", "level": "INFO", "logger": "__main__", "message": "Resultado da coleta: {'status': 'sucesso', 'modo': 'full', 'total_vagas': 500, 'caminho_bronze': 'data\\bronze\\gupy\\year=2025\\month=11\\day=19\\vagas_20251119.parquet', 'tamanho_mb': 0.32233619689941406, 'foi_append': False}"}
{"timestamp": "2025-11-20 09:39:02,482", "level": "INFO", "logger": "src.utils.checkpoint_manager", "message": "Checkpoint carregado: {'source': 'gupy', 'ultima_data_publicacao': '2025-11-19T12:38:58.334Z', 'total_vagas': 500, 'metadata': {'modo': 'full', 'paginas': 5, 'arquivo': 'data\\bronze\\gupy\\year=2025\\month=11\\day=19\\vagas_20251119.parquet', 'foi_append': False}}"}
{"timestamp": "2025-11-20 09:39:02,483", "level": "INFO", "logger": "__main__", "message": " Incremental: Desde 2025-11-19T12:38:58.334Z"}
{"timestamp": "2025-11-20 09:39:20,976", "level": "INFO", "logger": "__main__", "message": " Novo arquivo : 500 vagas salvas "}
{"timestamp": "2025-11-20 09:39:20,977", "level": "INFO", "logger": "__main__", "message": "Arquivo salvo: data\bronze\gupy\year=2025\month=11\day=20\vagas_20251120.parquet (0.35 MB)"}
{"timestamp": "2025-11-20 09:39:20,980", "level": "INFO", "logger": "src.utils.checkpoint_manager", "message": "Checkpoint salvo com sucesso para a fonte 'gupy'."}
{"timestamp": "2025-11-20 09:39:20,982", "level": "INFO", "logger": "__main__", "message": "Resultado da coleta: {'status': 'sucesso', 'modo': 'incremental', 'total_vagas': 500, 'caminho_bronze': 'data\\bronze\\gupy\\year=2025\\month=11\\day=20\\vagas_20251120.parquet', 'tamanho_mb': 0.3545103073120117, 'foi_append': False}"}
{"timestamp": "2025-11-22 10:12:30,934", "level": "INFO", "logger": "src.utils.checkpoint_manager", "message": "Checkpoint carregado: {'source': 'gupy', 'data_processamento': '2025-11-20T11:09:35.700090', 'ultima_data_processada': '2025-11-20T11:09:35.724103', 'total_vagas_processadas': 500, 'metadata': {'arquivo': 'data\\silver\\gupy\\year=2025\\month=11\\day=20\\vagas_20251120.parquet', 'tamanho_mb': 0.35}}"}
{"timestamp": "2025-11-22 10:13:30,510", "level": "INFO", "logger": "src.utils.checkpoint_manager", "message": "Checkpoint carregado: {'source': 'gupy', 'data_processamento': '2025-11-20T11:09:35.700090', 'ultima_data_processada': '2025-11-20T11:09:35.724103', 'total_vagas_processadas': 500, 'metadata': {'arquivo': 'data\\silver\\gupy\\year=2025\\month=11\\day=20\\vagas_20251120.parquet', 'tamanho_mb': 0.35}}"}
{"timestamp": "2025-11-22 12:37:08,139", "level": "INFO", "logger": "src.utils.checkpoint_manager", "message": "Checkpoint carregado: {'source': 'gupy', 'data_processamento': '2025-11-20T11:09:35.700090', 'ultima_data_processada': '2025-11-20T11:09:35.724103', 'total_vagas_processadas': 500, 'metadata': {'arquivo': 'data\\silver\\gupy\\year=2025\\month=11\\day=20\\vagas_20251120.parquet', 'tamanho_mb': 0.35}}"}
{"timestamp": "2025-11-22 12:37:30,159", "level": "INFO", "logger": "src.utils.checkpoint_manager", "message": "Checkpoint carregado: {'source': 'gupy', 'data_processamento': '2025-11-20T11:09:35.700090', 'ultima_data_processada': '2025-11-20T11:09:35.724103', 'total_vagas_processadas': 500, 'metadata': {'arquivo': 'data\\silver\\gupy\\year=2025\\month=11\\day=20\\vagas_20251120.parquet', 'tamanho_mb': 0.35}}"}
{"timestamp": "2025-11-22 12:37:30,160", "level": "INFO", "logger": "__main__", "message": " Incremental: Desde 2025-11-20T11:09:35.724103"}
{"timestamp": "2025-11-22 12:39:58,155", "level": "INFO", "logger": "src.utils.checkpoint_manager", "message": "Checkpoint carregado: {'source': 'gupy', 'data_processamento': '2025-11-20T11:09:35.700090', 'ultima_data_processada': '2025-11-20T11:09:35.724103', 'total_vagas_processadas': 500, 'metadata': {'arquivo': 'data\\silver\\gupy\\year=2025\\month=11\\day=20\\vagas_20251120.parquet', 'tamanho_mb': 0.35}}"}
{"timestamp": "2025-11-22 12:39:58,156", "level": "INFO", "logger": "__main__", "message": " Incremental: Desde 2025-11-20T11:09:35.724103"}
{"timestamp": "2025-11-22 12:47:14,371", "level": "INFO", "logger": "src.utils.checkpoint_manager", "message": "Checkpoint carregado: {'source': 'gupy', 'data_processamento': '2025-11-20T11:09:35.700090', 'ultima_data_processada': '2025-11-20T11:09:35.724103', 'total_vagas_processadas': 500, 'metadata': {'arquivo': 'data\\silver\\gupy\\year=2025\\month=11\\day=20\\vagas_20251120.parquet', 'tamanho_mb': 0.35}}"}
{"timestamp": "2025-11-22 12:47:14,372", "level": "INFO", "logger": "__main__", "message": " Incremental: Desde 2025-11-20T11:09:35.724103"}
{"timestamp": "2025-11-22 12:49:15,671", "level": "INFO", "logger": "src.utils.checkpoint_manager", "message": "Checkpoint carregado: {'source': 'gupy', 'data_processamento': '2025-11-20T11:09:35.700090', 'ultima_data_processada': '2025-11-20T11:09:35.724103', 'total_vagas_processadas': 500, 'metadata': {'arquivo': 'data\\silver\\gupy\\year=2025\\month=11\\day=20\\vagas_20251120.parquet', 'tamanho_mb': 0.35}}"}
{"timestamp": "2025-11-22 12:49:15,672", "level": "INFO", "logger": "__main__", "message": " Incremental: Desde 2025-11-20T11:09:35.724103"}
{"timestamp": "2025-11-22 12:49:28,368", "level": "INFO", "logger": "src.utils.checkpoint_manager", "message": "Checkpoint carregado: {'source': 'gupy', 'data_processamento': '2025-11-20T11:09:35.700090', 'ultima_data_processada': '2025-11-20T11:09:35.724103', 'total_vagas_processadas': 500, 'metadata': {'arquivo': 'data\\silver\\gupy\\year=2025\\month=11\\day=20\\vagas_20251120.parquet', 'tamanho_mb': 0.35}}"}
{"timestamp": "2025-11-22 12:49:28,386", "level": "INFO", "logger": "__main__", "message": " Incremental: Desde 2025-11-20T11:09:35.724103"}
{"timestamp": "2025-11-22 13:09:01,334", "level": "INFO", "logger": "src.utils.checkpoint_manager", "message": "Checkpoint carregado: {'source': 'gupy', 'data_processamento': '2025-11-20T11:09:35.700090', 'ultima_data_processada': '2025-11-20T11:09:35.724103', 'total_vagas_processadas': 500, 'metadata': {'arquivo': 'data\\silver\\gupy\\year=2025\\month=11\\day=20\\vagas_20251120.parquet', 'tamanho_mb': 0.35}}"}
{"timestamp": "2025-11-22 13:09:01,335", "level": "INFO", "logger": "__main__", "message": " Incremental: Desde 2025-11-20T11:09:35.724103"}
{"timestamp": "2025-11-22 13:09:59,429", "level": "INFO", "logger": "__main__", "message": "Chegamos em vagas com data <= ultima_data_conhecida. Encerrando incremental."}
{"timestamp": "2025-11-22 13:09:59,633", "level": "INFO", "logger": "__main__", "message": " Novo arquivo : 2264 vagas salvas "}
{"timestamp": "2025-11-22 13:09:59,634", "level": "INFO", "logger": "__main__", "message": "Arquivo salvo: data\bronze\gupy\year=2025\month=11\day=22\vagas_20251122.parquet (0.94 MB)"}
{"timestamp": "2025-11-22 13:09:59,637", "level": "INFO", "logger": "src.utils.checkpoint_manager", "message": "Checkpoint salvo com sucesso para a fonte 'gupy'."}
{"timestamp": "2025-11-22 13:09:59,642", "level": "INFO", "logger": "__main__", "message": "Resultado da coleta: {'status': 'sucesso', 'modo': 'incremental', 'total_vagas': 2264, 'caminho_bronze': 'data\\bronze\\gupy\\year=2025\\month=11\\day=22\\vagas_20251122.parquet', 'tamanho_mb': 0.9365673065185547, 'foi_append': False}"}
{"timestamp": "2025-11-22 14:14:29,263", "level": "INFO", "logger": "src.utils.checkpoint_manager", "message": "Primeiro run para gupy_bronze, nenhum checkpoint encontrado."}
{"timestamp": "2025-11-22 14:14:29,264", "level": "INFO", "logger": "__main__", "message": "Full load inicial"}
{"timestamp": "2025-11-22 14:15:31,791", "level": "INFO", "logger": "src.utils.checkpoint_manager", "message": "Primeiro run para gupy_bronze, nenhum checkpoint encontrado."}
{"timestamp": "2025-11-22 14:15:31,807", "level": "INFO", "logger": "__main__", "message": "Full load inicial"}
{"timestamp": "2025-11-22 14:16:02,151", "level": "INFO", "logger": "src.utils.checkpoint_manager", "message": "Primeiro run para gupy_bronze, nenhum checkpoint encontrado."}
{"timestamp": "2025-11-22 14:16:02,152", "level": "INFO", "logger": "__main__", "message": "Full load inicial"}
{"timestamp": "2025-11-22 14:18:06,972", "level": "INFO", "logger": "src.utils.checkpoint_manager", "message": "Checkpoint carregado: {'source': 'gupy_bronze', 'data_processamento': '2025-11-22T13:16:28.213963', 'ultima_data_publicacao': '2025-11-22T13:16:28.288970', 'total_vagas_processadas': 2264, 'metadata': {'arquivo': 'data\\silver\\gupy\\year=2025\\month=11\\day=22\\vagas_20251122.parquet', 'tamanho_mb': 0.98}}"}
{"timestamp": "2025-11-22 14:18:06,990", "level": "INFO", "logger": "__main__", "message": " Incremental: Desde 2025-11-22T13:16:28.288970"}
{"timestamp": "2025-11-22 14:18:13,306", "level": "INFO", "logger": "__main__", "message": "Chegamos em vagas com data <= ultima_data_conhecida. Encerrando incremental."}
{"timestamp": "2025-11-22 14:18:13,608", "level": "INFO", "logger": "__main__", "message": "Arquivo salvo: data\bronze\gupy\year=2025\month=11\day=22\vagas_20251122.parquet (0.94 MB)"}
{"timestamp": "2025-11-22 14:18:13,612", "level": "INFO", "logger": "src.utils.checkpoint_manager", "message": "Checkpoint salvo com sucesso para a fonte 'gupy_bronze'."}
{"timestamp": "2025-11-22 14:18:13,612", "level": "INFO", "logger": "__main__", "message": "Resultado da coleta: {'status': 'sucesso', 'modo': 'incremental', 'total_vagas': 51, 'caminho_bronze': 'data\\bronze\\gupy\\year=2025\\month=11\\day=22\\vagas_20251122.parquet', 'tamanho_mb': 0.9397134780883789, 'foi_append': True}"}
{"timestamp": "2025-11-23 09:57:46,082", "level": "INFO", "logger": "src.utils.checkpoint_manager", "message": "Checkpoint carregado: {'source': 'gupy_bronze', 'ultima_data_publicacao': '2025-11-22T17:13:29.034Z', 'total_vagas': 51, 'metadata': {'modo': 'incremental', 'paginas': 0, 'arquivo': 'data\\bronze\\gupy\\year=2025\\month=11\\day=22\\vagas_20251122.parquet', 'foi_append': True}}"}
{"timestamp": "2025-11-23 09:57:46,084", "level": "INFO", "logger": "__main__", "message": " Incremental: Desde 2025-11-22T17:13:29.034Z"}
{"timestamp": "2025-11-23 09:57:52,414", "level": "INFO", "logger": "__main__", "message": "Chegamos em vagas com data <= ultima_data_conhecida. Encerrando incremental."}
{"timestamp": "2025-11-23 09:57:52,544", "level": "INFO", "logger": "__main__", "message": " Novo arquivo : 80 vagas salvas "}
{"timestamp": "2025-11-23 09:57:52,545", "level": "INFO", "logger": "__main__", "message": "Arquivo salvo: data\bronze\gupy\year=2025\month=11\day=23\vagas_20251123.parquet (0.04 MB)"}
{"timestamp": "2025-11-23 09:57:52,548", "level": "INFO", "logger": "src.utils.checkpoint_manager", "message": "Checkpoint salvo com sucesso para a fonte 'gupy_bronze'."}
{"timestamp": "2025-11-23 09:57:52,548", "level": "INFO", "logger": "__main__", "message": "Resultado da coleta: {'status': 'sucesso', 'modo': 'incremental', 'total_vagas': 80, 'caminho_bronze': 'data\\bronze\\gupy\\year=2025\\month=11\\day=23\\vagas_20251123.parquet', 'tamanho_mb': 0.04094696044921875, 'foi_append': False}"}
